// Jest Snapshot v1, https://goo.gl/fbAQLP

exports[`homeIon Get / (HomeView) returns the page 1`] = `

<!DOCTYPE html>
<html lang="en">
  <head>
    <title data-rh="true">
      Thunderball hello world - Thunderball hello world
    </title>
    <link data-rh="true"
          rel="shortcut icon"
          type="image/png"
          href="/assets/fb8bTEST-CHECKSUMe246c3363bfcc4f601.png"
    >
    <link href="/assets/home-TEST-HASH.css"
          rel="stylesheet"
          key="0"
    >
  </head>
  <body>
    <script type="text/javascript">
      window.__INITIAL_STATE__ = {"config":{"appVersion":"TEST-VERSION","appName":"thunderball-hello-world"},"device":{"host":"http:\\u002F\\u002Flocalhost:8000"},"routing":{"locationBeforeTransitions":{"pathname":"\\u002F","search":"","hash":"","action":"POP","key":null,"query":{}}}};
    </script>
    <div id="app">
      <div data-reactroot>
        <div>
          <h1>
            Welcome to Thunderball hello world.
          </h1>
          <div>
            Lorem ipsum dolor sit amet, consectetur adipiscing elit. Curabitur vehicula laoreet sem, eget blandit eros dapibus id. Nam et metus nec elit placerat molestie. Etiam ultricies semper finibus. Maecenas efficitur risus elit. Sed ac felis vulputate, ornare neque ut, tempor dui. Sed efficitur auctor est quis faucibus. Quisque venenatis ornare tempus. Integer odio odio, fringilla vitae urna et, dapibus posuere felis. Aenean tristique semper erat, ac finibus augue pharetra eget. Mauris efficitur turpis vitae ante suscipit molestie.
          </div>
        </div>
      </div>
    </div>
    <script type="text/javascript"
            src="https://cdn.polyfill.io/v2/polyfill.min.js?features=Intl.~locale.en"
    >
    </script>
    <script type="text/javascript"
            src="/assets/commons-TEST-HASH.js"
    >
    </script>
    <script type="text/javascript"
            src="/assets/home-TEST-HASH.js"
    >
    </script>
  </body>
</html>

`;
